Anotacion en Archivo Prueba 3 archivo

Como crear una carpeta sincronizada con gitHub 
Crear dos archivos e incluirlos en esa carpeta, primero en stage y después en Head con commit -m ""
Posteriormente con 
git remote add origin https://github.com/Francisco-D-O/PruebaRepositorio2.git
Y 
git push -u origin main //* Aquí modifico main por master ya que de no hacerlo no funciona.
Y ya está en gitHub sincronizada la carpeta que he creado en mi máquina, hechos los stage y commit en git y finalmente lo subimos al repositorio para que ambas tengan la misma información.

 

iMac-de-Francisco:~ franciscodieguez$ cd Repositorios
iMac-de-Francisco:Repositorios franciscodieguez$ CD PruebaRepositorio2
iMac-de-Francisco:Repositorios franciscodieguez$ git init
Initialized empty Git repository in /Users/franciscodieguez/Repositorios/.git/
iMac-de-Francisco:Repositorios franciscodieguez$ ls
PruebaRepositorio2
iMac-de-Francisco:Repositorios franciscodieguez$ ls
PruebaRepositorio2
iMac-de-Francisco:Repositorios franciscodieguez$ ls -a
.			..			.DS_Store		.git			PruebaRepositorio2
iMac-de-Francisco:Repositorios franciscodieguez$ git add .
iMac-de-Francisco:Repositorios franciscodieguez$ git status -s
A  .DS_Store
A  PruebaRepositorio2/ArchivoPrueba2.txt
iMac-de-Francisco:Repositorios franciscodieguez$ git add .
iMac-de-Francisco:Repositorios franciscodieguez$ git status -s
A  .DS_Store
A  PruebaRepositorio2/ArchivoPrueba2.txt
iMac-de-Francisco:Repositorios franciscodieguez$ git commit -m "Primer commit ArchivoPrueba2.txt" 
[master (root-commit) 6a2488e] Primer commit ArchivoPrueba2.txt
 2 files changed, 2 insertions(+)
 create mode 100644 .DS_Store
 create mode 100644 PruebaRepositorio2/ArchivoPrueba2.txt
iMac-de-Francisco:Repositorios franciscodieguez$ git status
On branch master
Untracked files:
  (use "git add <file>..." to include in what will be committed)

	PruebaRepositorio2/ArchivoPrueba3.txt

nothing added to commit but untracked files present (use "git add" to track)
iMac-de-Francisco:Repositorios franciscodieguez$ cd PruebaRepositorio2
iMac-de-Francisco:PruebaRepositorio2 franciscodieguez$ ls
ArchivoPrueba2.txt	ArchivoPrueba3.txt
iMac-de-Francisco:PruebaRepositorio2 franciscodieguez$ ls -a
.			..			ArchivoPrueba2.txt	ArchivoPrueba3.txt
iMac-de-Francisco:PruebaRepositorio2 franciscodieguez$ git add ArchivoPrueba3.txt
iMac-de-Francisco:PruebaRepositorio2 franciscodieguez$ git commit -m "añadiendo ArchivoPrueba3.txt"
[master 55b0c32] añadiendo ArchivoPrueba3.txt
 1 file changed, 2 insertions(+)
 create mode 100644 PruebaRepositorio2/ArchivoPrueba3.txt
iMac-de-Francisco:PruebaRepositorio2 franciscodieguez$ ls
ArchivoPrueba2.txt	ArchivoPrueba3.txt
iMac-de-Francisco:PruebaRepositorio2 franciscodieguez$ ls -a
.			..			ArchivoPrueba2.txt	ArchivoPrueba3.txt
iMac-de-Francisco:PruebaRepositorio2 franciscodieguez$ git remote add origin https://github.com/Francisco-D-O/PruebaRepositorio2.git
iMac-de-Francisco:PruebaRepositorio2 franciscodieguez$ git push -u origin main
error: src refspec main does not match any.
error: failed to push some refs to 'https://github.com/Francisco-D-O/PruebaRepositorio2.git'
iMac-de-Francisco:PruebaRepositorio2 franciscodieguez$ git push -u origin master
Counting objects: 9, done.
Delta compression using up to 4 threads.
Compressing objects: 100% (7/7), done.
Writing objects: 100% (9/9), 1.99 KiB | 1.99 MiB/s, done.
Total 9 (delta 0), reused 0 (delta 0)
To https://github.com/Francisco-D-O/PruebaRepositorio2.git
 * [new branch]      master -> master
Branch 'master' set up to track remote branch 'master' from 'origin'.

<div>
A partir de aquí se realiza el añadido de esta explicación anterior a git Hub  y ahora crearé lo mismo con este último comentario, que ya no comentaré mas que en el texto aclaratorio del commit - " aclaración de esta incorporación".
</div>


iMac-de-Francisco:PruebaRepositorio2 franciscodieguez$ git statud -s
git: 'statud' is not a git command. See 'git --help'.

The most similar command is
	status
iMac-de-Francisco:PruebaRepositorio2 franciscodieguez$ git status -s
 M ArchivoPrueba3.txt
iMac-de-Francisco:PruebaRepositorio2 franciscodieguez$ git add .
iMac-de-Francisco:PruebaRepositorio2 franciscodieguez$ git commit -m "Añado a ArchivoPrueba3 explicaión de todos los pasos de este ejercicio"
[master e83cfaf] Añado a ArchivoPrueba3 explicaión de todos los pasos de este ejercicio
 1 file changed, 70 insertions(+)
iMac-de-Francisco:PruebaRepositorio2 franciscodieguez$ ls -a
.			..			ArchivoPrueba2.txt	ArchivoPrueba3.txt
iMac-de-Francisco:PruebaRepositorio2 franciscodieguez$ git push -u origin master
Counting objects: 4, done.
Delta compression using up to 4 threads.
Compressing objects: 100% (4/4), done.
Writing objects: 100% (4/4), 1.37 KiB | 1.37 MiB/s, done.
Total 4 (delta 1), reused 0 (delta 0)
remote: Resolving deltas: 100% (1/1), completed with 1 local object.
To https://github.com/Francisco-D-O/PruebaRepositorio2.git
   55b0c32..e83cfaf  master -> master
Branch 'master' set up to track remote branch 'master' from 'origin'.
iMac-de-Francisco:PruebaRepositorio2 franciscodieguez$ 



